
alex@DESKTOP-M14EA3E:~$ mkdir learn_git_again
alex@DESKTOP-M14EA3E:~$ cd learn_git_again
alex@DESKTOP-M14EA3E:~/learn_git_again$ touch third.txt
alex@DESKTOP-M14EA3E:~/learn_git_again$ git init
hint: Using 'master' as the name for the initial branch. This default branch name
hint: is subject to change. To configure the initial branch name to use in all
hint: of your new repositories, which will suppress this warning, call:
hint:
hint:   git config --global init.defaultBranch <name>
hint:
hint: Names commonly chosen instead of 'master' are 'main', 'trunk' and
hint: 'development'. The just-created branch can be renamed via this command:
hint:
hint:   git branch -m <name>
Initialized empty Git repository in /home/alex/learn_git_again/.git/
alex@DESKTOP-M14EA3E:~/learn_git_again$ git add third.txt
alex@DESKTOP-M14EA3E:~/learn_git_again$ git commit -m "adding third.txt"
[master (root-commit) b94ed4a] adding third.txt
 1 file changed, 0 insertions(+), 0 deletions(-)
 create mode 100644 third.txt
alex@DESKTOP-M14EA3E:~/learn_git_again$ rm third.txt
alex@DESKTOP-M14EA3E:~/learn_git_again$ git add third.txt
alex@DESKTOP-M14EA3E:~/learn_git_again$ git commit -m "removing third.txt"
[master 1ad1b14] removing third.txt
 1 file changed, 0 insertions(+), 0 deletions(-)
 delete mode 100644 third.txt
alex@DESKTOP-M14EA3E:~/learn_git_again$ git config --global core.pager "cat"
alex@DESKTOP-M14EA3E:~/learn_git_again$ git config --global user.name "Teneze Gongar"
alex@DESKTOP-M14EA3E:~/learn_git_again$ git config --global user.email talexgongar2222@gmail.com
alex@DESKTOP-M14EA3E:~/learn_git_again$ git config --global --list
user.email=talexgongar2222@gmail.com
user.name=Teneze Gongar
core.pager=cat
alex@DESKTOP-M14EA3E:~/learn_git_again$